
> asuka-frontend@1.0.0 build
> tsc -b && vite build

src/__tests__/auth.test.ts(87,5): error TS2591: Cannot find name 'process'. Do you need to install type definitions for node? Try `npm i --save-dev @types/node` and then add 'node' to the types field in your tsconfig.
src/context/AuthProvider.tsx(119,11): error TS2322: Type 'string' is not assignable to type '"en" | "fr"'.
src/routes/_app/opportunities.tsx(71,16): error TS2352: Conversion of type '{ id: string; type: "job" | "internship" | "scholarship" | "freelance" | "volunteering" | "training" | "challenge" | "mentorship" | "entrepreneurship" | "grant" | "fellowship"; ... 12 more ...; languages: string[]; }[] | null' to type 'Opp[]' may be a mistake because neither type sufficiently overlaps with the other. If this was intentional, convert the expression to 'unknown' first.
  Type '{ id: string; type: "job" | "internship" | "scholarship" | "freelance" | "volunteering" | "training" | "challenge" | "mentorship" | "entrepreneurship" | "grant" | "fellowship"; ... 12 more ...; languages: string[]; }[]' is not comparable to type 'Opp[]'.
    Type '{ id: string; type: "job" | "internship" | "scholarship" | "freelance" | "volunteering" | "training" | "challenge" | "mentorship" | "entrepreneurship" | "grant" | "fellowship"; ... 12 more ...; languages: string[]; }' is missing the following properties from type 'Opp': titleFr, titleEn, descriptionFr, descriptionEn, orgName
src/routes/_app/opportunities.tsx(119,46): error TS2551: Property 'title_fr' does not exist on type 'Opp'. Did you mean 'titleFr'?
src/routes/_app/opportunities.tsx(119,83): error TS2551: Property 'title_en' does not exist on type 'Opp'. Did you mean 'titleEn'?
src/routes/_app/opportunities.tsx(156,43): error TS2551: Property 'title_fr' does not exist on type 'Opp'. Did you mean 'titleFr'?
src/routes/_app/opportunities.tsx(156,56): error TS2551: Property 'title_en' does not exist on type 'Opp'. Did you mean 'titleEn'?
src/routes/_app/opportunities.tsx(171,68): error TS2551: Property 'org_name' does not exist on type 'Opp'. Did you mean 'orgName'?
src/routes/_app/profile.tsx(112,56): error TS2345: Argument of type 'Partial<any>' is not assignable to parameter of type 'RejectExcessProperties<{ avatar_url?: string | null | undefined; bio?: string | null | undefined; causes?: Json | undefined; city?: string | null | undefined; country?: string | null | undefined; created_at?: string | undefined; ... 34 more ...; xp?: number | undefined; }, Partial<...>>'.
  Type 'Partial<any>' is not assignable to type '{ [x: string]: never; [x: number]: never; [x: symbol]: never; }'.
    'string' index signatures are incompatible.
      Type 'any' is not assignable to type 'never'.
src/routes/_app/profile.tsx(478,67): error TS2339: Property 'institution' does not exist on type 'Edu'.
src/routes/_app/profile.tsx(479,72): error TS2551: Property 'start_date' does not exist on type 'Edu'. Did you mean 'startDate'?
src/routes/_app/profile.tsx(479,95): error TS2339: Property 'is_current' does not exist on type 'Edu'.
src/routes/_app/profile.tsx(479,119): error TS2551: Property 'end_date' does not exist on type 'Edu'. Did you mean 'endDate'?
src/routes/_app/profile.tsx(480,20): error TS2339: Property 'achievements' does not exist on type 'Edu'.
src/routes/_app/profile.tsx(480,67): error TS2339: Property 'achievements' does not exist on type 'Edu'.
src/routes/_app/profile.tsx(482,119): error TS2345: Argument of type 'string | undefined' is not assignable to parameter of type 'string'.
  Type 'undefined' is not assignable to type 'string'.
src/routes/_app/profile.tsx(493,37): error TS2353: Object literal may only specify known properties, and 'institution' does not exist in type 'Edu | (() => Edu)'.
src/routes/_app/profile.tsx(495,12): error TS2339: Property 'institution' does not exist on type 'Edu'.
src/routes/_app/profile.tsx(496,58): error TS2322: Type '{ user_id: any; id?: string; degree?: string; field?: string; school: string; country?: string; startDate?: string; endDate?: string; currentlyStudying?: boolean; description?: string; }' is not assignable to type 'RejectExcessProperties<{ achievements?: string | null | undefined; country?: string | null | undefined; created_at?: string | undefined; degree?: string | null | undefined; document_url?: string | null | undefined; ... 7 more ...; user_id: string; }, { ...; }>'.
  Property 'institution' is missing in type '{ user_id: any; id?: string; degree?: string; field?: string; school: string; country?: string; startDate?: string; endDate?: string; currentlyStudying?: boolean; description?: string; }' but required in type '{ achievements?: string | null | undefined; country?: string | null | undefined; created_at?: string | undefined; degree?: string | null | undefined; document_url?: string | null | undefined; ... 7 more ...; user_id: string; }'.
src/routes/_app/profile.tsx(499,28): error TS2353: Object literal may only specify known properties, and 'institution' does not exist in type 'SetStateAction<Edu>'.
src/routes/_app/profile.tsx(509,68): error TS2339: Property 'institution' does not exist on type 'Edu'.
src/routes/_app/profile.tsx(509,111): error TS2353: Object literal may only specify known properties, and 'institution' does not exist in type 'SetStateAction<Edu>'.
src/routes/_app/profile.tsx(511,74): error TS2551: Property 'start_date' does not exist on type 'Edu'. Did you mean 'startDate'?
src/routes/_app/profile.tsx(511,122): error TS2353: Object literal may only specify known properties, and 'start_date' does not exist in type 'SetStateAction<Edu>'.
src/routes/_app/profile.tsx(512,72): error TS2551: Property 'end_date' does not exist on type 'Edu'. Did you mean 'endDate'?
src/routes/_app/profile.tsx(512,118): error TS2353: Object literal may only specify known properties, and 'end_date' does not exist in type 'SetStateAction<Edu>'.
src/routes/_app/profile.tsx(512,159): error TS2339: Property 'is_current' does not exist on type 'Edu'.
src/routes/_app/profile.tsx(514,81): error TS2339: Property 'is_current' does not exist on type 'Edu'.
src/routes/_app/profile.tsx(514,130): error TS2353: Object literal may only specify known properties, and 'is_current' does not exist in type 'SetStateAction<Edu>'.
src/routes/_app/profile.tsx(515,79): error TS2339: Property 'achievements' does not exist on type 'Edu'.
src/routes/_app/profile.tsx(515,129): error TS2353: Object literal may only specify known properties, and 'achievements' does not exist in type 'SetStateAction<Edu>'.
src/routes/_app/profile.tsx(543,76): error TS2551: Property 'issue_date' does not exist on type 'Cert'. Did you mean 'issueDate'?
src/routes/_app/profile.tsx(543,124): error TS2353: Object literal may only specify known properties, and 'issue_date' does not exist in type 'SetStateAction<Cert>'.
src/routes/_app/profile.tsx(544,63): error TS2551: Property 'credential_url' does not exist on type 'Cert'. Did you mean 'credentialUrl'?
src/routes/_app/profile.tsx(544,115): error TS2353: Object literal may only specify known properties, and 'credential_url' does not exist in type 'SetStateAction<Cert>'.
src/routes/_app/profile.tsx(555,80): error TS2551: Property 'issue_date' does not exist on type 'Cert'. Did you mean 'issueDate'?
src/routes/_app/profile.tsx(557,124): error TS2345: Argument of type 'string | undefined' is not assignable to parameter of type 'string'.
  Type 'undefined' is not assignable to type 'string'.
src/routes/_app/profile.tsx(569,47): error TS2353: Object literal may only specify known properties, and 'kind' does not exist in type 'Exp | (() => Exp)'.
src/routes/_app/profile.tsx(577,38): error TS2353: Object literal may only specify known properties, and 'kind' does not exist in type 'SetStateAction<Exp>'.
src/routes/_app/profile.tsx(590,67): error TS2339: Property 'sector' does not exist on type 'Exp'.
src/routes/_app/profile.tsx(590,111): error TS2353: Object literal may only specify known properties, and 'sector' does not exist in type 'SetStateAction<Exp>'.
src/routes/_app/profile.tsx(592,34): error TS2339: Property 'kind' does not exist on type 'Exp'.
src/routes/_app/profile.tsx(592,75): error TS2353: Object literal may only specify known properties, and 'kind' does not exist in type 'SetStateAction<Exp>'.
src/routes/_app/profile.tsx(597,78): error TS2551: Property 'start_date' does not exist on type 'Exp'. Did you mean 'startDate'?
src/routes/_app/profile.tsx(597,126): error TS2353: Object literal may only specify known properties, and 'start_date' does not exist in type 'SetStateAction<Exp>'.
src/routes/_app/profile.tsx(598,76): error TS2551: Property 'end_date' does not exist on type 'Exp'. Did you mean 'endDate'?
src/routes/_app/profile.tsx(598,122): error TS2353: Object literal may only specify known properties, and 'end_date' does not exist in type 'SetStateAction<Exp>'.
src/routes/_app/profile.tsx(598,163): error TS2551: Property 'is_current' does not exist on type 'Exp'. Did you mean 'isCurrent'?
src/routes/_app/profile.tsx(599,79): error TS2551: Property 'team_size' does not exist on type 'Exp'. Did you mean 'teamSize'?
src/routes/_app/profile.tsx(599,126): error TS2353: Object literal may only specify known properties, and 'team_size' does not exist in type 'SetStateAction<Exp>'.
src/routes/_app/profile.tsx(615,79): error TS2339: Property 'kind' does not exist on type 'Exp'.
src/routes/_app/profile.tsx(615,100): error TS2551: Property 'start_date' does not exist on type 'Exp'. Did you mean 'startDate'?
src/routes/_app/profile.tsx(615,123): error TS2551: Property 'is_current' does not exist on type 'Exp'. Did you mean 'isCurrent'?
src/routes/_app/profile.tsx(615,147): error TS2551: Property 'end_date' does not exist on type 'Exp'. Did you mean 'endDate'?
src/routes/_app/profile.tsx(619,123): error TS2345: Argument of type 'string | undefined' is not assignable to parameter of type 'string'.
  Type 'undefined' is not assignable to type 'string'.
src/routes/_app/profile.tsx(684,99): error TS2345: Argument of type 'string | undefined' is not assignable to parameter of type 'string'.
  Type 'undefined' is not assignable to type 'string'.
src/routes/_app/profile.tsx(761,49): error TS2353: Object literal may only specify known properties, and 'kind' does not exist in type 'Port | (() => Port)'.
src/routes/_app/profile.tsx(767,39): error TS2353: Object literal may only specify known properties, and 'kind' does not exist in type 'SetStateAction<Port>'.
src/routes/_app/profile.tsx(779,32): error TS2339: Property 'kind' does not exist on type 'Port'.
src/routes/_app/profile.tsx(779,73): error TS2353: Object literal may only specify known properties, and 'kind' does not exist in type 'SetStateAction<Port>'.
src/routes/_app/profile.tsx(796,75): error TS2339: Property 'kind' does not exist on type 'Port'.
src/routes/_app/rewards.tsx(148,128): error TS2551: Property 'account_label' does not exist on type '{ provider: string; accountLabel: string; accountRef: string; }'. Did you mean 'accountLabel'?
src/routes/_app/rewards.tsx(148,179): error TS2353: Object literal may only specify known properties, and 'account_label' does not exist in type 'SetStateAction<{ provider: string; accountLabel: string; accountRef: string; }>'.
src/routes/_app/rewards.tsx(149,106): error TS2551: Property 'account_ref' does not exist on type '{ provider: string; accountLabel: string; accountRef: string; }'. Did you mean 'accountRef'?
src/routes/_app/rewards.tsx(149,155): error TS2353: Object literal may only specify known properties, and 'account_ref' does not exist in type 'SetStateAction<{ provider: string; accountLabel: string; accountRef: string; }>'.
src/routes/onboarding.tsx(76,31): error TS2339: Property 'user_metadata' does not exist on type 'User'.
